Archive member included because of file (symbol)

c:/program files (x86)/atmel/atmel toolchain/avr8 gcc/native/3.4.1056/avr8-gnu-toolchain/bin/../lib/gcc/avr/4.8.1/avr51\libgcc.a(_exit.o)
                              c:/program files (x86)/atmel/atmel toolchain/avr8 gcc/native/3.4.1056/avr8-gnu-toolchain/bin/../lib/gcc/avr/4.8.1/../../../../avr/lib/avr51/crtm128.o (exit)
c:/program files (x86)/atmel/atmel toolchain/avr8 gcc/native/3.4.1056/avr8-gnu-toolchain/bin/../lib/gcc/avr/4.8.1/avr51\libgcc.a(_copy_data.o)
                              AtM128_RTOS_LedB_V1.o (__do_copy_data)
c:/program files (x86)/atmel/atmel toolchain/avr8 gcc/native/3.4.1056/avr8-gnu-toolchain/bin/../lib/gcc/avr/4.8.1/avr51\libgcc.a(_clear_bss.o)
                              Source/croutine.o (__do_clear_bss)
c:/program files (x86)/atmel/atmel toolchain/avr8 gcc/native/3.4.1056/avr8-gnu-toolchain/bin/../lib/gcc/avr/4.8.1/../../../../avr/lib/avr51\libc.a(memcpy.o)
                              Source/queue.o (memcpy)
c:/program files (x86)/atmel/atmel toolchain/avr8 gcc/native/3.4.1056/avr8-gnu-toolchain/bin/../lib/gcc/avr/4.8.1/../../../../avr/lib/avr51\libc.a(memset.o)
                              Source/tasks.o (memset)
c:/program files (x86)/atmel/atmel toolchain/avr8 gcc/native/3.4.1056/avr8-gnu-toolchain/bin/../lib/gcc/avr/4.8.1/../../../../avr/lib/avr51\libc.a(strncpy.o)
                              Source/tasks.o (strncpy)

Discarded input sections

 .bss           0x00000000        0x0 c:/program files (x86)/atmel/atmel toolchain/avr8 gcc/native/3.4.1056/avr8-gnu-toolchain/bin/../lib/gcc/avr/4.8.1/../../../../avr/lib/avr51/crtm128.o
 .text          0x00000000        0x0 AtM128_RTOS_LedB_V1.o
 .bss           0x00000000        0x0 AtM128_RTOS_LedB_V1.o
 .text          0x00000000        0x0 Drivers/LEDBlinkV1.o
 .bss           0x00000000        0x0 Drivers/LEDBlinkV1.o
 .text.vLEDToggle
                0x00000000        0x8 Drivers/LEDBlinkV1.o
 .text          0x00000000        0x0 Source/croutine.o
 .bss           0x00000000        0x0 Source/croutine.o
 .text.xCoRoutineCreate
                0x00000000       0xf4 Source/croutine.o
 .text.vCoRoutineAddToDelayedList
                0x00000000       0x86 Source/croutine.o
 .text.vCoRoutineSchedule
                0x00000000      0x26e Source/croutine.o
 .text.xCoRoutineRemoveFromEventList
                0x00000000       0x4a Source/croutine.o
 .bss.xPassedTicks
                0x00000000        0x2 Source/croutine.o
 .bss.xLastTickCount
                0x00000000        0x2 Source/croutine.o
 .bss.xCoRoutineTickCount
                0x00000000        0x2 Source/croutine.o
 .bss.uxTopCoRoutineReadyPriority
                0x00000000        0x1 Source/croutine.o
 .bss.pxCurrentCoRoutine
                0x00000000        0x2 Source/croutine.o
 .bss.xPendingReadyCoRoutineList
                0x00000000        0x9 Source/croutine.o
 .bss.pxOverflowDelayedCoRoutineList
                0x00000000        0x2 Source/croutine.o
 .bss.pxDelayedCoRoutineList
                0x00000000        0x2 Source/croutine.o
 .bss.xDelayedCoRoutineList2
                0x00000000        0x9 Source/croutine.o
 .bss.xDelayedCoRoutineList1
                0x00000000        0x9 Source/croutine.o
 .bss.pxReadyCoRoutineLists
                0x00000000       0x12 Source/croutine.o
 .text          0x00000000        0x0 Source/list.o
 .bss           0x00000000        0x0 Source/list.o
 .text.vListInsert
                0x00000000       0x76 Source/list.o
 .text          0x00000000        0x0 Source/portable/GCC/ATMega323/port.o
 .bss           0x00000000        0x0 Source/portable/GCC/ATMega323/port.o
 .text.vPortEndScheduler
                0x00000000        0x2 Source/portable/GCC/ATMega323/port.o
 .text.vPortYieldFromTick
                0x00000000       0xb6 Source/portable/GCC/ATMega323/port.o
 .text          0x00000000        0x0 Source/portable/MemMang/heap_1.o
 .bss           0x00000000        0x0 Source/portable/MemMang/heap_1.o
 .text.vPortInitialiseBlocks
                0x00000000        0xa Source/portable/MemMang/heap_1.o
 .text.xPortGetFreeHeapSize
                0x00000000       0x12 Source/portable/MemMang/heap_1.o
 .text          0x00000000        0x0 Source/queue.o
 .bss           0x00000000        0x0 Source/queue.o
 .text.prvCopyDataToQueue
                0x00000000       0x82 Source/queue.o
 .text.prvCopyDataFromQueue
                0x00000000       0x34 Source/queue.o
 .text.prvUnlockQueue
                0x00000000       0x90 Source/queue.o
 .text.xQueueCreate
                0x00000000       0xa2 Source/queue.o
 .text.xQueueGenericSend
                0x00000000      0x136 Source/queue.o
 .text.xQueueGenericSendFromISR
                0x00000000       0x58 Source/queue.o
 .text.xQueueGenericReceive
                0x00000000      0x158 Source/queue.o
 .text.xQueueReceiveFromISR
                0x00000000       0x5a Source/queue.o
 .text.uxQueueMessagesWaiting
                0x00000000       0x10 Source/queue.o
 .text.uxQueueMessagesWaitingFromISR
                0x00000000        0x6 Source/queue.o
 .text.vQueueDelete
                0x00000000       0x1a Source/queue.o
 .text.xQueueIsQueueEmptyFromISR
                0x00000000        0xc Source/queue.o
 .text.xQueueIsQueueFullFromISR
                0x00000000        0xe Source/queue.o
 .text          0x00000000        0x0 Source/tasks.o
 .bss           0x00000000        0x0 Source/tasks.o
 .text.prvAddCurrentTaskToDelayedList
                0x00000000       0x6e Source/tasks.o
 .text.vTaskEndScheduler
                0x00000000        0xc Source/tasks.o
 .text.xTaskGetTickCount
                0x00000000       0x14 Source/tasks.o
 .text.xTaskGetTickCountFromISR
                0x00000000        0xa Source/tasks.o
 .text.uxTaskGetNumberOfTasks
                0x00000000        0x6 Source/tasks.o
 .text.vTaskDelayUntil
                0x00000000       0x94 Source/tasks.o
 .text.vTaskPlaceOnEventList
                0x00000000       0x3a Source/tasks.o
 .text.xTaskRemoveFromEventList
                0x00000000       0x8a Source/tasks.o
 .text.vTaskSetTimeOutState
                0x00000000       0x16 Source/tasks.o
 .text.xTaskCheckForTimeOut
                0x00000000       0x74 Source/tasks.o
 .text.vTaskMissedYield
                0x00000000        0x8 Source/tasks.o
 .text          0x00000000        0x0 Source/timers.o
 .bss           0x00000000        0x0 Source/timers.o
 .text          0x00000000        0x0 c:/program files (x86)/atmel/atmel toolchain/avr8 gcc/native/3.4.1056/avr8-gnu-toolchain/bin/../lib/gcc/avr/4.8.1/avr51\libgcc.a(_exit.o)
 .bss           0x00000000        0x0 c:/program files (x86)/atmel/atmel toolchain/avr8 gcc/native/3.4.1056/avr8-gnu-toolchain/bin/../lib/gcc/avr/4.8.1/avr51\libgcc.a(_exit.o)
 .text.libgcc.mul
                0x00000000        0x0 c:/program files (x86)/atmel/atmel toolchain/avr8 gcc/native/3.4.1056/avr8-gnu-toolchain/bin/../lib/gcc/avr/4.8.1/avr51\libgcc.a(_exit.o)
 .text.libgcc.div
                0x00000000        0x0 c:/program files (x86)/atmel/atmel toolchain/avr8 gcc/native/3.4.1056/avr8-gnu-toolchain/bin/../lib/gcc/avr/4.8.1/avr51\libgcc.a(_exit.o)
 .text.libgcc   0x00000000        0x0 c:/program files (x86)/atmel/atmel toolchain/avr8 gcc/native/3.4.1056/avr8-gnu-toolchain/bin/../lib/gcc/avr/4.8.1/avr51\libgcc.a(_exit.o)
 .text.libgcc.prologue
                0x00000000        0x0 c:/program files (x86)/atmel/atmel toolchain/avr8 gcc/native/3.4.1056/avr8-gnu-toolchain/bin/../lib/gcc/avr/4.8.1/avr51\libgcc.a(_exit.o)
 .text.libgcc.builtins
                0x00000000        0x0 c:/program files (x86)/atmel/atmel toolchain/avr8 gcc/native/3.4.1056/avr8-gnu-toolchain/bin/../lib/gcc/avr/4.8.1/avr51\libgcc.a(_exit.o)
 .text.libgcc.fmul
                0x00000000        0x0 c:/program files (x86)/atmel/atmel toolchain/avr8 gcc/native/3.4.1056/avr8-gnu-toolchain/bin/../lib/gcc/avr/4.8.1/avr51\libgcc.a(_exit.o)
 .text.libgcc.fixed
                0x00000000        0x0 c:/program files (x86)/atmel/atmel toolchain/avr8 gcc/native/3.4.1056/avr8-gnu-toolchain/bin/../lib/gcc/avr/4.8.1/avr51\libgcc.a(_exit.o)
 .text          0x00000000        0x0 c:/program files (x86)/atmel/atmel toolchain/avr8 gcc/native/3.4.1056/avr8-gnu-toolchain/bin/../lib/gcc/avr/4.8.1/avr51\libgcc.a(_copy_data.o)
 .bss           0x00000000        0x0 c:/program files (x86)/atmel/atmel toolchain/avr8 gcc/native/3.4.1056/avr8-gnu-toolchain/bin/../lib/gcc/avr/4.8.1/avr51\libgcc.a(_copy_data.o)
 .text.libgcc.mul
                0x00000000        0x0 c:/program files (x86)/atmel/atmel toolchain/avr8 gcc/native/3.4.1056/avr8-gnu-toolchain/bin/../lib/gcc/avr/4.8.1/avr51\libgcc.a(_copy_data.o)
 .text.libgcc.div
                0x00000000        0x0 c:/program files (x86)/atmel/atmel toolchain/avr8 gcc/native/3.4.1056/avr8-gnu-toolchain/bin/../lib/gcc/avr/4.8.1/avr51\libgcc.a(_copy_data.o)
 .text.libgcc   0x00000000        0x0 c:/program files (x86)/atmel/atmel toolchain/avr8 gcc/native/3.4.1056/avr8-gnu-toolchain/bin/../lib/gcc/avr/4.8.1/avr51\libgcc.a(_copy_data.o)
 .text.libgcc.prologue
                0x00000000        0x0 c:/program files (x86)/atmel/atmel toolchain/avr8 gcc/native/3.4.1056/avr8-gnu-toolchain/bin/../lib/gcc/avr/4.8.1/avr51\libgcc.a(_copy_data.o)
 .text.libgcc.builtins
                0x00000000        0x0 c:/program files (x86)/atmel/atmel toolchain/avr8 gcc/native/3.4.1056/avr8-gnu-toolchain/bin/../lib/gcc/avr/4.8.1/avr51\libgcc.a(_copy_data.o)
 .text.libgcc.fmul
                0x00000000        0x0 c:/program files (x86)/atmel/atmel toolchain/avr8 gcc/native/3.4.1056/avr8-gnu-toolchain/bin/../lib/gcc/avr/4.8.1/avr51\libgcc.a(_copy_data.o)
 .text.libgcc.fixed
                0x00000000        0x0 c:/program files (x86)/atmel/atmel toolchain/avr8 gcc/native/3.4.1056/avr8-gnu-toolchain/bin/../lib/gcc/avr/4.8.1/avr51\libgcc.a(_copy_data.o)
 .text          0x00000000        0x0 c:/program files (x86)/atmel/atmel toolchain/avr8 gcc/native/3.4.1056/avr8-gnu-toolchain/bin/../lib/gcc/avr/4.8.1/avr51\libgcc.a(_clear_bss.o)
 .bss           0x00000000        0x0 c:/program files (x86)/atmel/atmel toolchain/avr8 gcc/native/3.4.1056/avr8-gnu-toolchain/bin/../lib/gcc/avr/4.8.1/avr51\libgcc.a(_clear_bss.o)
 .text.libgcc.mul
                0x00000000        0x0 c:/program files (x86)/atmel/atmel toolchain/avr8 gcc/native/3.4.1056/avr8-gnu-toolchain/bin/../lib/gcc/avr/4.8.1/avr51\libgcc.a(_clear_bss.o)
 .text.libgcc.div
                0x00000000        0x0 c:/program files (x86)/atmel/atmel toolchain/avr8 gcc/native/3.4.1056/avr8-gnu-toolchain/bin/../lib/gcc/avr/4.8.1/avr51\libgcc.a(_clear_bss.o)
 .text.libgcc   0x00000000        0x0 c:/program files (x86)/atmel/atmel toolchain/avr8 gcc/native/3.4.1056/avr8-gnu-toolchain/bin/../lib/gcc/avr/4.8.1/avr51\libgcc.a(_clear_bss.o)
 .text.libgcc.prologue
                0x00000000        0x0 c:/program files (x86)/atmel/atmel toolchain/avr8 gcc/native/3.4.1056/avr8-gnu-toolchain/bin/../lib/gcc/avr/4.8.1/avr51\libgcc.a(_clear_bss.o)
 .text.libgcc.builtins
                0x00000000        0x0 c:/program files (x86)/atmel/atmel toolchain/avr8 gcc/native/3.4.1056/avr8-gnu-toolchain/bin/../lib/gcc/avr/4.8.1/avr51\libgcc.a(_clear_bss.o)
 .text.libgcc.fmul
                0x00000000        0x0 c:/program files (x86)/atmel/atmel toolchain/avr8 gcc/native/3.4.1056/avr8-gnu-toolchain/bin/../lib/gcc/avr/4.8.1/avr51\libgcc.a(_clear_bss.o)
 .text.libgcc.fixed
                0x00000000        0x0 c:/program files (x86)/atmel/atmel toolchain/avr8 gcc/native/3.4.1056/avr8-gnu-toolchain/bin/../lib/gcc/avr/4.8.1/avr51\libgcc.a(_clear_bss.o)
 .text          0x00000000        0x0 c:/program files (x86)/atmel/atmel toolchain/avr8 gcc/native/3.4.1056/avr8-gnu-toolchain/bin/../lib/gcc/avr/4.8.1/../../../../avr/lib/avr51\libc.a(memcpy.o)
 .bss           0x00000000        0x0 c:/program files (x86)/atmel/atmel toolchain/avr8 gcc/native/3.4.1056/avr8-gnu-toolchain/bin/../lib/gcc/avr/4.8.1/../../../../avr/lib/avr51\libc.a(memcpy.o)
 .text.avr-libc
                0x00000000       0x12 c:/program files (x86)/atmel/atmel toolchain/avr8 gcc/native/3.4.1056/avr8-gnu-toolchain/bin/../lib/gcc/avr/4.8.1/../../../../avr/lib/avr51\libc.a(memcpy.o)
 .text          0x00000000        0x0 c:/program files (x86)/atmel/atmel toolchain/avr8 gcc/native/3.4.1056/avr8-gnu-toolchain/bin/../lib/gcc/avr/4.8.1/../../../../avr/lib/avr51\libc.a(memset.o)
 .bss           0x00000000        0x0 c:/program files (x86)/atmel/atmel toolchain/avr8 gcc/native/3.4.1056/avr8-gnu-toolchain/bin/../lib/gcc/avr/4.8.1/../../../../avr/lib/avr51\libc.a(memset.o)
 .text          0x00000000        0x0 c:/program files (x86)/atmel/atmel toolchain/avr8 gcc/native/3.4.1056/avr8-gnu-toolchain/bin/../lib/gcc/avr/4.8.1/../../../../avr/lib/avr51\libc.a(strncpy.o)
 .bss           0x00000000        0x0 c:/program files (x86)/atmel/atmel toolchain/avr8 gcc/native/3.4.1056/avr8-gnu-toolchain/bin/../lib/gcc/avr/4.8.1/../../../../avr/lib/avr51\libc.a(strncpy.o)

Memory Configuration

Name             Origin             Length             Attributes
text             0x00000000         0x00020000         xr
data             0x00800100         0x0000ff00         rw !x
eeprom           0x00810000         0x00010000         rw !x
fuse             0x00820000         0x00000400         rw !x
lock             0x00830000         0x00000400         rw !x
signature        0x00840000         0x00000400         rw !x
user_signatures  0x00850000         0x00000400         rw !x
*default*        0x00000000         0xffffffff

Linker script and memory map

Address of section .data set to 0x800100
LOAD c:/program files (x86)/atmel/atmel toolchain/avr8 gcc/native/3.4.1056/avr8-gnu-toolchain/bin/../lib/gcc/avr/4.8.1/../../../../avr/lib/avr51/crtm128.o
LOAD AtM128_RTOS_LedB_V1.o
LOAD Drivers/LEDBlinkV1.o
LOAD Source/croutine.o
LOAD Source/list.o
LOAD Source/portable/GCC/ATMega323/port.o
LOAD Source/portable/MemMang/heap_1.o
LOAD Source/queue.o
LOAD Source/tasks.o
LOAD Source/timers.o
START GROUP
LOAD c:/program files (x86)/atmel/atmel toolchain/avr8 gcc/native/3.4.1056/avr8-gnu-toolchain/bin/../lib/gcc/avr/4.8.1/../../../../avr/lib/avr51\libm.a
END GROUP
START GROUP
LOAD c:/program files (x86)/atmel/atmel toolchain/avr8 gcc/native/3.4.1056/avr8-gnu-toolchain/bin/../lib/gcc/avr/4.8.1/avr51\libgcc.a
LOAD c:/program files (x86)/atmel/atmel toolchain/avr8 gcc/native/3.4.1056/avr8-gnu-toolchain/bin/../lib/gcc/avr/4.8.1/../../../../avr/lib/avr51\libm.a
LOAD c:/program files (x86)/atmel/atmel toolchain/avr8 gcc/native/3.4.1056/avr8-gnu-toolchain/bin/../lib/gcc/avr/4.8.1/../../../../avr/lib/avr51\libc.a
END GROUP

.hash
 *(.hash)

.dynsym
 *(.dynsym)

.dynstr
 *(.dynstr)

.gnu.version
 *(.gnu.version)

.gnu.version_d
 *(.gnu.version_d)

.gnu.version_r
 *(.gnu.version_r)

.rel.init
 *(.rel.init)

.rela.init
 *(.rela.init)

.rel.text
 *(.rel.text)
 *(.rel.text.*)
 *(.rel.gnu.linkonce.t*)

.rela.text
 *(.rela.text)
 *(.rela.text.*)
 *(.rela.gnu.linkonce.t*)

.rel.fini
 *(.rel.fini)

.rela.fini
 *(.rela.fini)

.rel.rodata
 *(.rel.rodata)
 *(.rel.rodata.*)
 *(.rel.gnu.linkonce.r*)

.rela.rodata
 *(.rela.rodata)
 *(.rela.rodata.*)
 *(.rela.gnu.linkonce.r*)

.rel.data
 *(.rel.data)
 *(.rel.data.*)
 *(.rel.gnu.linkonce.d*)

.rela.data
 *(.rela.data)
 *(.rela.data.*)
 *(.rela.gnu.linkonce.d*)

.rel.ctors
 *(.rel.ctors)

.rela.ctors
 *(.rela.ctors)

.rel.dtors
 *(.rel.dtors)

.rela.dtors
 *(.rela.dtors)

.rel.got
 *(.rel.got)

.rela.got
 *(.rela.got)

.rel.bss
 *(.rel.bss)

.rela.bss
 *(.rela.bss)

.rel.plt
 *(.rel.plt)

.rela.plt
 *(.rela.plt)

.text           0x00000000      0xa24
 *(.vectors)
 .vectors       0x00000000       0x8c c:/program files (x86)/atmel/atmel toolchain/avr8 gcc/native/3.4.1056/avr8-gnu-toolchain/bin/../lib/gcc/avr/4.8.1/../../../../avr/lib/avr51/crtm128.o
                0x00000000                __vector_default
                0x00000000                __vectors
 *(.vectors)
 *(.progmem.gcc*)
                0x0000008c                . = ALIGN (0x2)
                0x0000008c                __trampolines_start = .
 *(.trampolines)
 .trampolines   0x0000008c        0x0 linker stubs
 *(.trampolines*)
                0x0000008c                __trampolines_end = .
 *(.progmem*)
                0x0000008c                . = ALIGN (0x2)
 *(.jumptables)
 *(.jumptables*)
 *(.lowtext)
 *(.lowtext*)
                0x0000008c                __ctors_start = .
 *(.ctors)
                0x0000008c                __ctors_end = .
                0x0000008c                __dtors_start = .
 *(.dtors)
                0x0000008c                __dtors_end = .
 SORT(*)(.ctors)
 SORT(*)(.dtors)
 *(.init0)
 .init0         0x0000008c        0x0 c:/program files (x86)/atmel/atmel toolchain/avr8 gcc/native/3.4.1056/avr8-gnu-toolchain/bin/../lib/gcc/avr/4.8.1/../../../../avr/lib/avr51/crtm128.o
                0x0000008c                __init
 *(.init0)
 *(.init1)
 *(.init1)
 *(.init2)
 .init2         0x0000008c        0xc c:/program files (x86)/atmel/atmel toolchain/avr8 gcc/native/3.4.1056/avr8-gnu-toolchain/bin/../lib/gcc/avr/4.8.1/../../../../avr/lib/avr51/crtm128.o
 *(.init2)
 *(.init3)
 *(.init3)
 *(.init4)
 .init4         0x00000098       0x1a c:/program files (x86)/atmel/atmel toolchain/avr8 gcc/native/3.4.1056/avr8-gnu-toolchain/bin/../lib/gcc/avr/4.8.1/avr51\libgcc.a(_copy_data.o)
                0x00000098                __do_copy_data
 .init4         0x000000b2       0x10 c:/program files (x86)/atmel/atmel toolchain/avr8 gcc/native/3.4.1056/avr8-gnu-toolchain/bin/../lib/gcc/avr/4.8.1/avr51\libgcc.a(_clear_bss.o)
                0x000000b2                __do_clear_bss
 *(.init4)
 *(.init5)
 *(.init5)
 *(.init6)
 *(.init6)
 *(.init7)
 *(.init7)
 *(.init8)
 *(.init8)
 *(.init9)
 .init9         0x000000c2        0x4 c:/program files (x86)/atmel/atmel toolchain/avr8 gcc/native/3.4.1056/avr8-gnu-toolchain/bin/../lib/gcc/avr/4.8.1/../../../../avr/lib/avr51/crtm128.o
 *(.init9)
 *(.text)
 .text          0x000000c6        0x2 c:/program files (x86)/atmel/atmel toolchain/avr8 gcc/native/3.4.1056/avr8-gnu-toolchain/bin/../lib/gcc/avr/4.8.1/../../../../avr/lib/avr51/crtm128.o
                0x000000c6                __vector_22
                0x000000c6                __vector_28
                0x000000c6                __vector_1
                0x000000c6                __vector_32
                0x000000c6                __vector_34
                0x000000c6                __vector_24
                0x000000c6                __bad_interrupt
                0x000000c6                __vector_6
                0x000000c6                __vector_31
                0x000000c6                __vector_3
                0x000000c6                __vector_23
                0x000000c6                __vector_30
                0x000000c6                __vector_25
                0x000000c6                __vector_11
                0x000000c6                __vector_13
                0x000000c6                __vector_17
                0x000000c6                __vector_19
                0x000000c6                __vector_7
                0x000000c6                __vector_27
                0x000000c6                __vector_5
                0x000000c6                __vector_33
                0x000000c6                __vector_4
                0x000000c6                __vector_9
                0x000000c6                __vector_2
                0x000000c6                __vector_21
                0x000000c6                __vector_15
                0x000000c6                __vector_29
                0x000000c6                __vector_8
                0x000000c6                __vector_26
                0x000000c6                __vector_14
                0x000000c6                __vector_10
                0x000000c6                __vector_16
                0x000000c6                __vector_18
                0x000000c6                __vector_20
                0x000000c8                . = ALIGN (0x2)
 *(.text.*)
 .text.LedOnTask
                0x000000c8       0x1a AtM128_RTOS_LedB_V1.o
                0x000000c8                LedOnTask
 .text.LedOffTask
                0x000000e2       0x18 AtM128_RTOS_LedB_V1.o
                0x000000e2                LedOffTask
 .text.main     0x000000fa       0x3a AtM128_RTOS_LedB_V1.o
                0x000000fa                main
 .text.vCPU_Port_Init
                0x00000134        0x6 Drivers/LEDBlinkV1.o
                0x00000134                vCPU_Port_Init
 .text.vListInitialise
                0x0000013a       0x1c Source/list.o
                0x0000013a                vListInitialise
 .text.vListInitialiseItem
                0x00000156        0x8 Source/list.o
                0x00000156                vListInitialiseItem
 .text.vListInsertEnd
                0x0000015e       0x4e Source/list.o
                0x0000015e                vListInsertEnd
 .text.vListRemove
                0x000001ac       0x4c Source/list.o
                0x000001ac                vListRemove
 .text.pxPortInitialiseStack
                0x000001f8       0xd8 Source/portable/GCC/ATMega323/port.o
                0x000001f8                pxPortInitialiseStack
 .text.xPortStartScheduler
                0x000002d0       0x6a Source/portable/GCC/ATMega323/port.o
                0x000002d0                xPortStartScheduler
 .text.vPortYield
                0x0000033a       0xb0 Source/portable/GCC/ATMega323/port.o
                0x0000033a                vPortYield
 .text.__vector_12
                0x000003ea       0x4e Source/portable/GCC/ATMega323/port.o
                0x000003ea                __vector_12
 .text.pvPortMalloc
                0x00000438       0x48 Source/portable/MemMang/heap_1.o
                0x00000438                pvPortMalloc
 .text.vPortFree
                0x00000480        0x2 Source/portable/MemMang/heap_1.o
                0x00000480                vPortFree
 .text.prvIdleTask
                0x00000482        0x4 Source/tasks.o
 .text.xTaskGenericCreate
                0x00000486      0x1c0 Source/tasks.o
                0x00000486                xTaskGenericCreate
 .text.vTaskStartScheduler
                0x00000646       0x52 Source/tasks.o
                0x00000646                vTaskStartScheduler
 .text.vTaskSuspendAll
                0x00000698        0xc Source/tasks.o
                0x00000698                vTaskSuspendAll
 .text.vTaskIncrementTick
                0x000006a4      0x182 Source/tasks.o
                0x000006a4                vTaskIncrementTick
 .text.xTaskResumeAll
                0x00000826      0x114 Source/tasks.o
                0x00000826                xTaskResumeAll
 .text.vTaskSwitchContext
                0x0000093a       0xba Source/tasks.o
                0x0000093a                vTaskSwitchContext
 .text.avr-libc
                0x000009f4        0xe c:/program files (x86)/atmel/atmel toolchain/avr8 gcc/native/3.4.1056/avr8-gnu-toolchain/bin/../lib/gcc/avr/4.8.1/../../../../avr/lib/avr51\libc.a(memset.o)
                0x000009f4                memset
 .text.avr-libc
                0x00000a02       0x1e c:/program files (x86)/atmel/atmel toolchain/avr8 gcc/native/3.4.1056/avr8-gnu-toolchain/bin/../lib/gcc/avr/4.8.1/../../../../avr/lib/avr51\libc.a(strncpy.o)
                0x00000a02                strncpy
                0x00000a20                . = ALIGN (0x2)
 *(.fini9)
 .fini9         0x00000a20        0x0 c:/program files (x86)/atmel/atmel toolchain/avr8 gcc/native/3.4.1056/avr8-gnu-toolchain/bin/../lib/gcc/avr/4.8.1/avr51\libgcc.a(_exit.o)
                0x00000a20                _exit
                0x00000a20                exit
 *(.fini9)
 *(.fini8)
 *(.fini8)
 *(.fini7)
 *(.fini7)
 *(.fini6)
 *(.fini6)
 *(.fini5)
 *(.fini5)
 *(.fini4)
 *(.fini4)
 *(.fini3)
 *(.fini3)
 *(.fini2)
 *(.fini2)
 *(.fini1)
 *(.fini1)
 *(.fini0)
 .fini0         0x00000a20        0x4 c:/program files (x86)/atmel/atmel toolchain/avr8 gcc/native/3.4.1056/avr8-gnu-toolchain/bin/../lib/gcc/avr/4.8.1/avr51\libgcc.a(_exit.o)
 *(.fini0)
                0x00000a24                _etext = .

.data           0x00800100       0x10 load address 0x00000a24
                0x00800100                PROVIDE (__data_start, .)
 *(.data)
 .data          0x00800100        0x0 c:/program files (x86)/atmel/atmel toolchain/avr8 gcc/native/3.4.1056/avr8-gnu-toolchain/bin/../lib/gcc/avr/4.8.1/../../../../avr/lib/avr51/crtm128.o
 .data          0x00800100        0x0 AtM128_RTOS_LedB_V1.o
 .data          0x00800100        0x0 Drivers/LEDBlinkV1.o
 .data          0x00800100        0x0 Source/croutine.o
 .data          0x00800100        0x0 Source/list.o
 .data          0x00800100        0x0 Source/portable/GCC/ATMega323/port.o
 .data          0x00800100        0x0 Source/portable/MemMang/heap_1.o
 .data          0x00800100        0x0 Source/queue.o
 .data          0x00800100        0x0 Source/tasks.o
 .data          0x00800100        0x0 Source/timers.o
 .data          0x00800100        0x0 c:/program files (x86)/atmel/atmel toolchain/avr8 gcc/native/3.4.1056/avr8-gnu-toolchain/bin/../lib/gcc/avr/4.8.1/avr51\libgcc.a(_exit.o)
 .data          0x00800100        0x0 c:/program files (x86)/atmel/atmel toolchain/avr8 gcc/native/3.4.1056/avr8-gnu-toolchain/bin/../lib/gcc/avr/4.8.1/avr51\libgcc.a(_copy_data.o)
 .data          0x00800100        0x0 c:/program files (x86)/atmel/atmel toolchain/avr8 gcc/native/3.4.1056/avr8-gnu-toolchain/bin/../lib/gcc/avr/4.8.1/avr51\libgcc.a(_clear_bss.o)
 .data          0x00800100        0x0 c:/program files (x86)/atmel/atmel toolchain/avr8 gcc/native/3.4.1056/avr8-gnu-toolchain/bin/../lib/gcc/avr/4.8.1/../../../../avr/lib/avr51\libc.a(memcpy.o)
 .data          0x00800100        0x0 c:/program files (x86)/atmel/atmel toolchain/avr8 gcc/native/3.4.1056/avr8-gnu-toolchain/bin/../lib/gcc/avr/4.8.1/../../../../avr/lib/avr51\libc.a(memset.o)
 .data          0x00800100        0x0 c:/program files (x86)/atmel/atmel toolchain/avr8 gcc/native/3.4.1056/avr8-gnu-toolchain/bin/../lib/gcc/avr/4.8.1/../../../../avr/lib/avr51\libc.a(strncpy.o)
 *(.data*)
 .data.xNextTaskUnblockTime
                0x00800100        0x2 Source/tasks.o
 *(.rodata)
 *(.rodata*)
 .rodata.str1.1
                0x00800102        0x9 AtM128_RTOS_LedB_V1.o
 .rodata.str1.1
                0x0080010b        0x5 Source/tasks.o
 *(.gnu.linkonce.d*)
                0x00800110                . = ALIGN (0x2)
                0x00800110                _edata = .
                0x00800110                PROVIDE (__data_end, .)

.bss            0x00800110      0xde3
                0x00800110                PROVIDE (__bss_start, .)
 *(.bss)
 *(.bss*)
 .bss.xNextFreeByte
                0x00800110        0x2 Source/portable/MemMang/heap_1.o
 .bss.xHeap     0x00800112      0xdac Source/portable/MemMang/heap_1.o
 .bss.uxTaskNumber
                0x00800ebe        0x1 Source/tasks.o
 .bss.xNumOfOverflows
                0x00800ebf        0x1 Source/tasks.o
 .bss.xMissedYield
                0x00800ec0        0x1 Source/tasks.o
 .bss.uxMissedTicks
                0x00800ec1        0x1 Source/tasks.o
 .bss.uxSchedulerSuspended
                0x00800ec2        0x1 Source/tasks.o
 .bss.xSchedulerRunning
                0x00800ec3        0x1 Source/tasks.o
 .bss.uxTopReadyPriority
                0x00800ec4        0x1 Source/tasks.o
 .bss.uxTopUsedPriority
                0x00800ec5        0x1 Source/tasks.o
 .bss.xTickCount
                0x00800ec6        0x2 Source/tasks.o
 .bss.uxCurrentNumberOfTasks
                0x00800ec8        0x1 Source/tasks.o
 .bss.xPendingReadyList
                0x00800ec9        0x9 Source/tasks.o
 .bss.pxOverflowDelayedTaskList
                0x00800ed2        0x2 Source/tasks.o
 .bss.pxDelayedTaskList
                0x00800ed4        0x2 Source/tasks.o
 .bss.xDelayedTaskList2
                0x00800ed6        0x9 Source/tasks.o
 .bss.xDelayedTaskList1
                0x00800edf        0x9 Source/tasks.o
 .bss.pxReadyTasksLists
                0x00800ee8        0x9 Source/tasks.o
 .bss.pxCurrentTCB
                0x00800ef1        0x2 Source/tasks.o
                0x00800ef1                pxCurrentTCB
 *(COMMON)
                0x00800ef3                PROVIDE (__bss_end, .)
                0x00000a24                __data_load_start = LOADADDR (.data)
                0x00000a34                __data_load_end = (__data_load_start + SIZEOF (.data))

.noinit         0x00800ef3        0x0
                0x00800ef3                PROVIDE (__noinit_start, .)
 *(.noinit*)
                0x00800ef3                PROVIDE (__noinit_end, .)
                0x00800ef3                _end = .
                0x00800ef3                PROVIDE (__heap_start, .)

.eeprom         0x00810000        0x0
 *(.eeprom*)
                0x00810000                __eeprom_end = .

.fuse
 *(.fuse)
 *(.lfuse)
 *(.hfuse)
 *(.efuse)

.lock
 *(.lock*)

.signature
 *(.signature*)

.user_signatures
 *(.user_signatures*)

.stab
 *(.stab)

.stabstr
 *(.stabstr)

.stab.excl
 *(.stab.excl)

.stab.exclstr
 *(.stab.exclstr)

.stab.index
 *(.stab.index)

.stab.indexstr
 *(.stab.indexstr)

.comment        0x00000000       0x30
 *(.comment)
 .comment       0x00000000       0x30 AtM128_RTOS_LedB_V1.o
                                 0x31 (size before relaxing)
 .comment       0x00000000       0x31 Drivers/LEDBlinkV1.o
 .comment       0x00000000       0x31 Source/croutine.o
 .comment       0x00000000       0x31 Source/list.o
 .comment       0x00000000       0x31 Source/portable/GCC/ATMega323/port.o
 .comment       0x00000000       0x31 Source/portable/MemMang/heap_1.o
 .comment       0x00000000       0x31 Source/queue.o
 .comment       0x00000000       0x31 Source/tasks.o
 .comment       0x00000000       0x31 Source/timers.o

.note.gnu.build-id
 *(.note.gnu.build-id)

.debug
 *(.debug)

.line
 *(.line)

.debug_srcinfo
 *(.debug_srcinfo)

.debug_sfnames
 *(.debug_sfnames)

.debug_aranges  0x00000000      0x290
 *(.debug_aranges)
 .debug_aranges
                0x00000000       0x30 AtM128_RTOS_LedB_V1.o
 .debug_aranges
                0x00000030       0x28 Drivers/LEDBlinkV1.o
 .debug_aranges
                0x00000058       0x38 Source/croutine.o
 .debug_aranges
                0x00000090       0x40 Source/list.o
 .debug_aranges
                0x000000d0       0x48 Source/portable/GCC/ATMega323/port.o
 .debug_aranges
                0x00000118       0x38 Source/portable/MemMang/heap_1.o
 .debug_aranges
                0x00000150       0x80 Source/queue.o
 .debug_aranges
                0x000001d0       0xa8 Source/tasks.o
 .debug_aranges
                0x00000278       0x18 Source/timers.o

.debug_pubnames
 *(.debug_pubnames)

.debug_info     0x00000000     0x2ece
 *(.debug_info .gnu.linkonce.wi.*)
 .debug_info    0x00000000      0x39c AtM128_RTOS_LedB_V1.o
 .debug_info    0x0000039c       0x99 Drivers/LEDBlinkV1.o
 .debug_info    0x00000435      0x7bb Source/croutine.o
 .debug_info    0x00000bf0      0x2c1 Source/list.o
 .debug_info    0x00000eb1      0x238 Source/portable/GCC/ATMega323/port.o
 .debug_info    0x000010e9      0x1a5 Source/portable/MemMang/heap_1.o
 .debug_info    0x0000128e      0xc92 Source/queue.o
 .debug_info    0x00001f20      0xf43 Source/tasks.o
 .debug_info    0x00002e63       0x6b Source/timers.o

.debug_abbrev   0x00000000      0xdd3
 *(.debug_abbrev)
 .debug_abbrev  0x00000000      0x19e AtM128_RTOS_LedB_V1.o
 .debug_abbrev  0x0000019e       0x51 Drivers/LEDBlinkV1.o
 .debug_abbrev  0x000001ef      0x263 Source/croutine.o
 .debug_abbrev  0x00000452       0xf6 Source/list.o
 .debug_abbrev  0x00000548      0x16e Source/portable/GCC/ATMega323/port.o
 .debug_abbrev  0x000006b6      0x148 Source/portable/MemMang/heap_1.o
 .debug_abbrev  0x000007fe      0x284 Source/queue.o
 .debug_abbrev  0x00000a82      0x32b Source/tasks.o
 .debug_abbrev  0x00000dad       0x26 Source/timers.o

.debug_line     0x00000000     0x1a27
 *(.debug_line .debug_line.* .debug_line_end)
 .debug_line    0x00000000      0x22b AtM128_RTOS_LedB_V1.o
 .debug_line    0x0000022b       0xd2 Drivers/LEDBlinkV1.o
 .debug_line    0x000002fd      0x360 Source/croutine.o
 .debug_line    0x0000065d      0x1a1 Source/list.o
 .debug_line    0x000007fe      0x2c6 Source/portable/GCC/ATMega323/port.o
 .debug_line    0x00000ac4      0x168 Source/portable/MemMang/heap_1.o
 .debug_line    0x00000c2c      0x65a Source/queue.o
 .debug_line    0x00001286      0x787 Source/tasks.o
 .debug_line    0x00001a0d       0x1a Source/timers.o

.debug_frame    0x00000000      0x6e4
 *(.debug_frame)
 .debug_frame   0x00000000       0x44 AtM128_RTOS_LedB_V1.o
 .debug_frame   0x00000044       0x34 Drivers/LEDBlinkV1.o
 .debug_frame   0x00000078       0xc8 Source/croutine.o
 .debug_frame   0x00000140       0x7c Source/list.o
 .debug_frame   0x000001bc       0xbc Source/portable/GCC/ATMega323/port.o
 .debug_frame   0x00000278       0x60 Source/portable/MemMang/heap_1.o
 .debug_frame   0x000002d8      0x1e0 Source/queue.o
 .debug_frame   0x000004b8      0x22c Source/tasks.o

.debug_str      0x00000000      0xf50
 *(.debug_str)
 .debug_str     0x00000000      0x2c6 AtM128_RTOS_LedB_V1.o
                                0x2ff (size before relaxing)
 .debug_str     0x000002c6       0x23 Drivers/LEDBlinkV1.o
                                0x1e2 (size before relaxing)
 .debug_str     0x000002e9      0x3b6 Source/croutine.o
                                0x58d (size before relaxing)
 .debug_str     0x0000069f       0x59 Source/list.o
                                0x2ef (size before relaxing)
 .debug_str     0x000006f8      0x102 Source/portable/GCC/ATMega323/port.o
                                0x304 (size before relaxing)
 .debug_str     0x000007fa       0xbb Source/portable/MemMang/heap_1.o
                                0x298 (size before relaxing)
 .debug_str     0x000008b5      0x368 Source/queue.o
                                0x645 (size before relaxing)
 .debug_str     0x00000c1d      0x320 Source/tasks.o
                                0x851 (size before relaxing)
 .debug_str     0x00000f3d       0x13 Source/timers.o
                                0x1dc (size before relaxing)

.debug_loc      0x00000000     0x20b2
 *(.debug_loc)
 .debug_loc     0x00000000       0x26 AtM128_RTOS_LedB_V1.o
 .debug_loc     0x00000026      0x400 Source/croutine.o
 .debug_loc     0x00000426       0xfe Source/list.o
 .debug_loc     0x00000524      0x377 Source/portable/GCC/ATMega323/port.o
 .debug_loc     0x0000089b       0xf1 Source/portable/MemMang/heap_1.o
 .debug_loc     0x0000098c      0xc27 Source/queue.o
 .debug_loc     0x000015b3      0xaff Source/tasks.o

.debug_macinfo
 *(.debug_macinfo)

.debug_weaknames
 *(.debug_weaknames)

.debug_funcnames
 *(.debug_funcnames)

.debug_typenames
 *(.debug_typenames)

.debug_varnames
 *(.debug_varnames)

.debug_pubtypes
 *(.debug_pubtypes)

.debug_ranges   0x00000000      0x248
 *(.debug_ranges)
 .debug_ranges  0x00000000       0x20 AtM128_RTOS_LedB_V1.o
 .debug_ranges  0x00000020       0x18 Drivers/LEDBlinkV1.o
 .debug_ranges  0x00000038       0x40 Source/croutine.o
 .debug_ranges  0x00000078       0x30 Source/list.o
 .debug_ranges  0x000000a8       0x38 Source/portable/GCC/ATMega323/port.o
 .debug_ranges  0x000000e0       0x28 Source/portable/MemMang/heap_1.o
 .debug_ranges  0x00000108       0x70 Source/queue.o
 .debug_ranges  0x00000178       0xd0 Source/tasks.o

.debug_macro
 *(.debug_macro)
OUTPUT(AtM128_RTOS_LedB_V1.elf elf32-avr)
LOAD linker stubs
